// Vitest Snapshot v1

exports[`Header 1`] = `
<div
  className="css-pxr80m"
>
  <header>
    <div
      className="css-0"
    >
      <div
        className="css-gmuwbf"
      >
        <div
          className="css-70qvj9"
        >
          <img
            className="chakra-image css-1chmwhm"
            src="/assets/lifted.svg"
            title="The Lifted initiative"
          />
          <p
            className="chakra-text css-104caxi"
          >
            THE
          </p>
          <p
            className="chakra-text css-1ooeu7o"
          >
            LIFTED
          </p>
          <p
            className="chakra-text css-104caxi"
          >
            INITIATIVE
          </p>
        </div>
      </div>
    </div>
  </header>
</div>
`;
